#-----------------------------------------------------------
# Vivado v2017.4 (64-bit)
# SW Build 2086221 on Fri Dec 15 20:55:39 MST 2017
# IP Build 2085800 on Fri Dec 15 22:25:07 MST 2017
# Start of session at: Tue Sep 11 09:58:03 2018
# Process ID: 20088
# Current directory: C:/Users/11918/OneDrive/FPGA/project_3
# Command line: vivado.exe -gui_launcher_event rodinguilauncherevent11608 C:\Users\11918\OneDrive\FPGA\project_3\project_3.xpr
# Log file: C:/Users/11918/OneDrive/FPGA/project_3/vivado.log
# Journal file: C:/Users/11918/OneDrive/FPGA/project_3\vivado.jou
#-----------------------------------------------------------
start_gui
open_project C:/Users/11918/OneDrive/FPGA/project_3/project_3.xpr
update_compile_order -fileset sources_1
launch_simulation
launch_simulation
launch_simulation
update_compile_order -fileset sim_1
launch_simulation
launch_simulation
source testbench.tcl
set_property -name {xsim.simulate.runtime} -value {1000us} -objects [get_filesets sim_1]
close_sim
launch_simulation
source testbench.tcl
add_bp {C:/Users/11918/OneDrive/FPGA/project_3/project_3.srcs/sources_1/new/vga.v} 66
remove_bps -file {C:/Users/11918/OneDrive/FPGA/project_3/project_3.srcs/sources_1/new/vga.v} -line 66
set_property -name {xsim.simulate.runtime} -value {100000000000000us} -objects [get_filesets sim_1]
close_sim
launch_simulation
source testbench.tcl
set_property -name {xsim.simulate.runtime} -value {10000000ns} -objects [get_filesets sim_1]
set_property -name {xsim.simulate.runtime} -value {149999850ns} -objects [get_filesets sim_1]
close_sim
launch_simulation
source testbench.tcl
close_sim
launch_simulation
source testbench.tcl
close_sim
launch_simulation
source testbench.tcl
close_sim
launch_simulation
source testbench.tcl
set_property -name {xsim.simulate.runtime} -value {279999930ns} -objects [get_filesets sim_1]
close_sim
launch_simulation
source testbench.tcl
set_property -name {xsim.simulate.runtime} -value {1000ns} -objects [get_filesets sim_1]
set_property -name {xsim.simulate.runtime} -value {5000ns} -objects [get_filesets sim_1]
close_sim
launch_simulation
source testbench.tcl
set_property -name {xsim.simulate.runtime} -value {100000ns} -objects [get_filesets sim_1]
close_sim
launch_simulation
source testbench.tcl
close_sim
launch_simulation
launch_simulation
source testbench.tcl
add_wave {{/testbench/dut/U5/state}} 
restart
run all
run all
restart
run all
close_sim
