#-----------------------------------------------------------
# Vivado v2017.4 (64-bit)
# SW Build 2086221 on Fri Dec 15 20:55:39 MST 2017
# IP Build 2085800 on Fri Dec 15 22:25:07 MST 2017
# Start of session at: Thu Sep  6 16:38:05 2018
# Process ID: 11484
# Current directory: C:/Users/Quzard/OneDrive/FPGA/project_3
# Command line: vivado.exe -gui_launcher_event rodinguilauncherevent3728 C:\Users\Quzard\OneDrive\FPGA\project_3\project_3.xpr
# Log file: C:/Users/Quzard/OneDrive/FPGA/project_3/vivado.log
# Journal file: C:/Users/Quzard/OneDrive/FPGA/project_3\vivado.jou
#-----------------------------------------------------------
start_gui
open_project C:/Users/Quzard/OneDrive/FPGA/project_3/project_3.xpr
update_compile_order -fileset sources_1
reset_run synth_1
launch_runs synth_1 -jobs 16
update_compile_order -fileset sources_1
launch_runs synth_1 -jobs 16
wait_on_run synth_1
launch_runs impl_1 -jobs 16
wait_on_run impl_1
reset_run synth_1
launch_runs synth_1 -jobs 16
wait_on_run synth_1
reset_run synth_1
launch_runs synth_1 -jobs 16
wait_on_run synth_1
reset_run synth_1
launch_runs synth_1 -jobs 16
wait_on_run synth_1
reset_run synth_1
launch_runs synth_1 -jobs 16
wait_on_run synth_1
reset_run synth_1
launch_runs synth_1 -jobs 16
wait_on_run synth_1
reset_run synth_1
launch_runs synth_1 -jobs 16
wait_on_run synth_1
reset_run synth_1
launch_runs synth_1 -jobs 16
wait_on_run synth_1
launch_runs impl_1 -jobs 16
wait_on_run impl_1
open_run impl_1
reset_run synth_1
launch_runs synth_1 -jobs 16
wait_on_run synth_1
close_design
launch_runs impl_1 -jobs 16
wait_on_run impl_1
open_run impl_1
reset_run synth_1
launch_runs synth_1 -jobs 16
wait_on_run synth_1
close_design
launch_runs impl_1 -jobs 16
wait_on_run impl_1
reset_run synth_1
launch_runs synth_1 -jobs 16
wait_on_run synth_1
launch_runs impl_1 -jobs 16
wait_on_run impl_1
